d:\santorini_cpp\cpp-santorini\santorini\x64\debug\vc143.pdb
d:\santorini_cpp\cpp-santorini\santorini\x64\debug\vc143.idb
d:\santorini_cpp\cpp-santorini\santorini\x64\debug\timemanagement.obj
d:\santorini_cpp\cpp-santorini\santorini\x64\debug\cmakecxxcompilerid.obj
d:\santorini_cpp\cpp-santorini\santorini\x64\debug\move.obj
d:\santorini_cpp\cpp-santorini\santorini\x64\debug\hash.obj
d:\santorini_cpp\cpp-santorini\santorini\x64\debug\eval.obj
d:\santorini_cpp\cpp-santorini\santorini\x64\debug\board.obj
d:\santorini_cpp\cpp-santorini\santorini\x64\debug\hashtable.obj
d:\santorini_cpp\cpp-santorini\santorini\x64\debug\profiling.obj
d:\santorini_cpp\cpp-santorini\santorini\x64\debug\main.obj
d:\santorini_cpp\cpp-santorini\santorini\x64\debug\interface.obj
d:\santorini_cpp\cpp-santorini\santorini\x64\debug\search.obj
d:\santorini_cpp\cpp-santorini\santorini\x64\debug\cmakeccompilerid.obj
d:\santorini_cpp\cpp-santorini\x64\debug\santorini.pdb
d:\santorini_cpp\cpp-santorini\santorini\x64\debug\santorini.tlog\cl.command.1.tlog
d:\santorini_cpp\cpp-santorini\santorini\x64\debug\santorini.tlog\cl.read.1.tlog
d:\santorini_cpp\cpp-santorini\santorini\x64\debug\santorini.tlog\cl.write.1.tlog
d:\santorini_cpp\cpp-santorini\santorini\x64\debug\santorini.tlog\link-cvtres.read.1.tlog
d:\santorini_cpp\cpp-santorini\santorini\x64\debug\santorini.tlog\link-cvtres.write.1.tlog
d:\santorini_cpp\cpp-santorini\santorini\x64\debug\santorini.tlog\link-rc.read.1.tlog
d:\santorini_cpp\cpp-santorini\santorini\x64\debug\santorini.tlog\link-rc.write.1.tlog
d:\santorini_cpp\cpp-santorini\santorini\x64\debug\santorini.tlog\link.command.1.tlog
d:\santorini_cpp\cpp-santorini\santorini\x64\debug\santorini.tlog\link.read.1.tlog
d:\santorini_cpp\cpp-santorini\santorini\x64\debug\santorini.tlog\link.read.2.tlog
d:\santorini_cpp\cpp-santorini\santorini\x64\debug\santorini.tlog\link.write.1.tlog
